[0.000000] (-) TimerEvent: {}
[0.000168] (-) JobUnselected: {'identifier': 'atom_game_controller'}
[0.000287] (-) JobUnselected: {'identifier': 'atom_openvino_yolo'}
[0.000378] (-) JobUnselected: {'identifier': 'bboxes_ex_msgs'}
[0.000398] (-) JobUnselected: {'identifier': 'bno055'}
[0.000417] (-) JobUnselected: {'identifier': 'dynamixel_sdk'}
[0.000433] (-) JobUnselected: {'identifier': 'dynamixel_sdk_custom_interfaces'}
[0.000448] (-) JobUnselected: {'identifier': 'dynamixel_sdk_examples'}
[0.000463] (-) JobUnselected: {'identifier': 'face_detection'}
[0.000477] (-) JobUnselected: {'identifier': 'my_msg'}
[0.000490] (-) JobUnselected: {'identifier': 'op3_action_editor'}
[0.000505] (-) JobUnselected: {'identifier': 'op3_action_module'}
[0.000519] (-) JobUnselected: {'identifier': 'op3_action_module_msgs'}
[0.000534] (-) JobUnselected: {'identifier': 'op3_advanced_detector'}
[0.000548] (-) JobUnselected: {'identifier': 'op3_balance_control'}
[0.000562] (-) JobUnselected: {'identifier': 'op3_ball_detector'}
[0.000576] (-) JobUnselected: {'identifier': 'op3_ball_detector_msgs'}
[0.000591] (-) JobUnselected: {'identifier': 'op3_base_module'}
[0.000605] (-) JobUnselected: {'identifier': 'op3_bringup'}
[0.000619] (-) JobUnselected: {'identifier': 'op3_camera_setting_tool'}
[0.000638] (-) JobUnselected: {'identifier': 'op3_camera_setting_tool_msgs'}
[0.000653] (-) JobUnselected: {'identifier': 'op3_demo'}
[0.000669] (-) JobUnselected: {'identifier': 'op3_description'}
[0.000682] (-) JobUnselected: {'identifier': 'op3_direct_control_module'}
[0.000696] (-) JobUnselected: {'identifier': 'op3_gui_demo'}
[0.000710] (-) JobUnselected: {'identifier': 'op3_head_control_module'}
[0.000724] (-) JobUnselected: {'identifier': 'op3_kinematics_dynamics'}
[0.000738] (-) JobUnselected: {'identifier': 'op3_localization'}
[0.000753] (-) JobUnselected: {'identifier': 'op3_manager'}
[0.000767] (-) JobUnselected: {'identifier': 'op3_navigation'}
[0.000781] (-) JobUnselected: {'identifier': 'op3_offset_tuner_client'}
[0.000795] (-) JobUnselected: {'identifier': 'op3_offset_tuner_msgs'}
[0.000809] (-) JobUnselected: {'identifier': 'op3_offset_tuner_server'}
[0.000823] (-) JobUnselected: {'identifier': 'op3_online_walking_module'}
[0.000838] (-) JobUnselected: {'identifier': 'op3_online_walking_module_msgs'}
[0.000852] (-) JobUnselected: {'identifier': 'op3_read_write_demo'}
[0.000866] (-) JobUnselected: {'identifier': 'op3_tuner_client'}
[0.000891] (-) JobUnselected: {'identifier': 'op3_tuning_module'}
[0.000907] (-) JobUnselected: {'identifier': 'op3_tuning_module_msgs'}
[0.000923] (-) JobUnselected: {'identifier': 'op3_walking_module'}
[0.000937] (-) JobUnselected: {'identifier': 'op3_walking_module_msgs'}
[0.000951] (-) JobUnselected: {'identifier': 'op3_web_setting_tool'}
[0.000964] (-) JobUnselected: {'identifier': 'open_cr_module'}
[0.000978] (-) JobUnselected: {'identifier': 'robotis_controller'}
[0.000992] (-) JobUnselected: {'identifier': 'robotis_controller_msgs'}
[0.001007] (-) JobUnselected: {'identifier': 'robotis_device'}
[0.001022] (-) JobUnselected: {'identifier': 'robotis_framework_common'}
[0.001035] (-) JobUnselected: {'identifier': 'robotis_math'}
[0.001049] (-) JobUnselected: {'identifier': 'ros_madplay_player'}
[0.001063] (-) JobUnselected: {'identifier': 'ros_mpg321_player'}
[0.001077] (-) JobUnselected: {'identifier': 'usb_cam'}
[0.001092] (-) JobUnselected: {'identifier': 'yolo_bringup'}
[0.001106] (-) JobUnselected: {'identifier': 'yolo_msgs'}
[0.001119] (-) JobUnselected: {'identifier': 'yolo_ros'}
[0.001133] (-) JobUnselected: {'identifier': 'yolov5_ros'}
[0.001147] (-) JobUnselected: {'identifier': 'zmp'}
[0.001247] (-) EventReactorShutdown: {}
