[0.016s] Invoking command in '/home/robotis/robotis_ws/src/build/op3_walking_module': CMAKE_PREFIX_PATH=${CMAKE_PREFIX_PATH}:/home/robotis/robotis_ws/install/zmp:/home/robotis/robotis_ws/install/yolov5_ros:/home/robotis/robotis_ws/install/yolo_ros:/home/robotis/robotis_ws/install/atom_openvino_yolo:/home/robotis/robotis_ws/install/robocup_gamecontroller:/home/robotis/robotis_ws/install/op3_advanced_detector:/home/robotis/robotis_ws/install/game_controller:/home/robotis/robotis_ws/install/bno055:/home/robotis/robotis_ws/install/atom_game_controller:/home/robotis/robotis_ws/install/ATOM-Game-Controller:/opt/ros/jazzy DEBUGINFOD_URLS=https://debuginfod.ubuntu.com /usr/bin/cmake --build /home/robotis/robotis_ws/src/build/op3_walking_module -- -j4 -l4
[0.101s] [100%] Built target op3_walking_module
[0.116s] Invoked command in '/home/robotis/robotis_ws/src/build/op3_walking_module' returned '0': CMAKE_PREFIX_PATH=${CMAKE_PREFIX_PATH}:/home/robotis/robotis_ws/install/zmp:/home/robotis/robotis_ws/install/yolov5_ros:/home/robotis/robotis_ws/install/yolo_ros:/home/robotis/robotis_ws/install/atom_openvino_yolo:/home/robotis/robotis_ws/install/robocup_gamecontroller:/home/robotis/robotis_ws/install/op3_advanced_detector:/home/robotis/robotis_ws/install/game_controller:/home/robotis/robotis_ws/install/bno055:/home/robotis/robotis_ws/install/atom_game_controller:/home/robotis/robotis_ws/install/ATOM-Game-Controller:/opt/ros/jazzy DEBUGINFOD_URLS=https://debuginfod.ubuntu.com /usr/bin/cmake --build /home/robotis/robotis_ws/src/build/op3_walking_module -- -j4 -l4
[0.130s] Invoking command in '/home/robotis/robotis_ws/src/build/op3_walking_module': CMAKE_PREFIX_PATH=${CMAKE_PREFIX_PATH}:/home/robotis/robotis_ws/install/zmp:/home/robotis/robotis_ws/install/yolov5_ros:/home/robotis/robotis_ws/install/yolo_ros:/home/robotis/robotis_ws/install/atom_openvino_yolo:/home/robotis/robotis_ws/install/robocup_gamecontroller:/home/robotis/robotis_ws/install/op3_advanced_detector:/home/robotis/robotis_ws/install/game_controller:/home/robotis/robotis_ws/install/bno055:/home/robotis/robotis_ws/install/atom_game_controller:/home/robotis/robotis_ws/install/ATOM-Game-Controller:/opt/ros/jazzy DEBUGINFOD_URLS=https://debuginfod.ubuntu.com /usr/bin/cmake --install /home/robotis/robotis_ws/src/build/op3_walking_module
[0.140s] -- Install configuration: ""
[0.140s] -- Up-to-date: /home/robotis/robotis_ws/src/install/op3_walking_module/lib/libop3_walking_module.so
[0.141s] -- Up-to-date: /home/robotis/robotis_ws/src/install/op3_walking_module/include/op3_walking_module
[0.141s] -- Up-to-date: /home/robotis/robotis_ws/src/install/op3_walking_module/include/op3_walking_module/op3_walking_module.h
[0.141s] -- Up-to-date: /home/robotis/robotis_ws/src/install/op3_walking_module/include/op3_walking_module/op3_walking_parameter.h
[0.141s] -- Up-to-date: /home/robotis/robotis_ws/src/install/op3_walking_module/share/op3_walking_module/config
[0.142s] -- Up-to-date: /home/robotis/robotis_ws/src/install/op3_walking_module/share/op3_walking_module/config/param.yaml
[0.142s] -- Up-to-date: /home/robotis/robotis_ws/src/install/op3_walking_module/share/op3_walking_module/environment/library_path.sh
[0.142s] -- Up-to-date: /home/robotis/robotis_ws/src/install/op3_walking_module/share/op3_walking_module/environment/library_path.dsv
[0.142s] -- Up-to-date: /home/robotis/robotis_ws/src/install/op3_walking_module/share/ament_index/resource_index/package_run_dependencies/op3_walking_module
[0.142s] -- Up-to-date: /home/robotis/robotis_ws/src/install/op3_walking_module/share/ament_index/resource_index/parent_prefix_path/op3_walking_module
[0.142s] -- Up-to-date: /home/robotis/robotis_ws/src/install/op3_walking_module/share/op3_walking_module/environment/ament_prefix_path.sh
[0.143s] -- Up-to-date: /home/robotis/robotis_ws/src/install/op3_walking_module/share/op3_walking_module/environment/ament_prefix_path.dsv
[0.143s] -- Up-to-date: /home/robotis/robotis_ws/src/install/op3_walking_module/share/op3_walking_module/environment/path.sh
[0.143s] -- Up-to-date: /home/robotis/robotis_ws/src/install/op3_walking_module/share/op3_walking_module/environment/path.dsv
[0.143s] -- Up-to-date: /home/robotis/robotis_ws/src/install/op3_walking_module/share/op3_walking_module/local_setup.bash
[0.143s] -- Up-to-date: /home/robotis/robotis_ws/src/install/op3_walking_module/share/op3_walking_module/local_setup.sh
[0.143s] -- Up-to-date: /home/robotis/robotis_ws/src/install/op3_walking_module/share/op3_walking_module/local_setup.zsh
[0.143s] -- Up-to-date: /home/robotis/robotis_ws/src/install/op3_walking_module/share/op3_walking_module/local_setup.dsv
[0.143s] -- Installing: /home/robotis/robotis_ws/src/install/op3_walking_module/share/op3_walking_module/package.dsv
[0.144s] -- Up-to-date: /home/robotis/robotis_ws/src/install/op3_walking_module/share/ament_index/resource_index/packages/op3_walking_module
[0.144s] -- Up-to-date: /home/robotis/robotis_ws/src/install/op3_walking_module/share/op3_walking_module/cmake/ament_cmake_export_include_directories-extras.cmake
[0.144s] -- Up-to-date: /home/robotis/robotis_ws/src/install/op3_walking_module/share/op3_walking_module/cmake/ament_cmake_export_libraries-extras.cmake
[0.144s] -- Up-to-date: /home/robotis/robotis_ws/src/install/op3_walking_module/share/op3_walking_module/cmake/ament_cmake_export_dependencies-extras.cmake
[0.145s] -- Up-to-date: /home/robotis/robotis_ws/src/install/op3_walking_module/share/op3_walking_module/cmake/op3_walking_moduleConfig.cmake
[0.146s] -- Up-to-date: /home/robotis/robotis_ws/src/install/op3_walking_module/share/op3_walking_module/cmake/op3_walking_moduleConfig-version.cmake
[0.146s] -- Up-to-date: /home/robotis/robotis_ws/src/install/op3_walking_module/share/op3_walking_module/package.xml
[0.146s] Invoked command in '/home/robotis/robotis_ws/src/build/op3_walking_module' returned '0': CMAKE_PREFIX_PATH=${CMAKE_PREFIX_PATH}:/home/robotis/robotis_ws/install/zmp:/home/robotis/robotis_ws/install/yolov5_ros:/home/robotis/robotis_ws/install/yolo_ros:/home/robotis/robotis_ws/install/atom_openvino_yolo:/home/robotis/robotis_ws/install/robocup_gamecontroller:/home/robotis/robotis_ws/install/op3_advanced_detector:/home/robotis/robotis_ws/install/game_controller:/home/robotis/robotis_ws/install/bno055:/home/robotis/robotis_ws/install/atom_game_controller:/home/robotis/robotis_ws/install/ATOM-Game-Controller:/opt/ros/jazzy DEBUGINFOD_URLS=https://debuginfod.ubuntu.com /usr/bin/cmake --install /home/robotis/robotis_ws/src/build/op3_walking_module
