[0.019s] Invoking command in '/home/robotis/robotis_ws/src/build/op3_walking_module': CMAKE_PREFIX_PATH=${CMAKE_PREFIX_PATH}:/home/robotis/robotis_ws/install/zmp:/home/robotis/robotis_ws/install/yolov5_ros:/home/robotis/robotis_ws/install/yolo_ros:/home/robotis/robotis_ws/install/atom_openvino_yolo:/home/robotis/robotis_ws/install/robocup_gamecontroller:/home/robotis/robotis_ws/install/op3_advanced_detector:/home/robotis/robotis_ws/install/game_controller:/home/robotis/robotis_ws/install/bno055:/home/robotis/robotis_ws/install/atom_game_controller:/home/robotis/robotis_ws/install/ATOM-Game-Controller:/opt/ros/jazzy DEBUGINFOD_URLS=https://debuginfod.ubuntu.com /usr/bin/cmake /home/robotis/robotis_ws/src/ROBOTIS-OP3/op3_walking_module -DCMAKE_INSTALL_PREFIX=/home/robotis/robotis_ws/src/install/op3_walking_module
[0.317s] -- The C compiler identification is GNU 13.3.0
[0.501s] -- The CXX compiler identification is GNU 13.3.0
[0.529s] -- Detecting C compiler ABI info
[0.652s] -- Detecting C compiler ABI info - done
[0.663s] -- Check for working C compiler: /usr/bin/cc - skipped
[0.663s] -- Detecting C compile features
[0.664s] -- Detecting C compile features - done
[0.676s] -- Detecting CXX compiler ABI info
[0.797s] -- Detecting CXX compiler ABI info - done
[0.810s] -- Check for working CXX compiler: /usr/bin/c++ - skipped
[0.810s] -- Detecting CXX compile features
[0.811s] -- Detecting CXX compile features - done
[0.829s] -- Found ament_cmake: 2.5.4 (/opt/ros/jazzy/share/ament_cmake/cmake)
[1.087s] -- Found Python3: /usr/bin/python3 (found version "3.12.3") found components: Interpreter 
[1.320s] -- Found ament_index_cpp: 1.8.1 (/opt/ros/jazzy/share/ament_index_cpp/cmake)
[1.331s] -- Found rclcpp: 28.1.9 (/opt/ros/jazzy/share/rclcpp/cmake)
[1.448s] -- Found rosidl_generator_c: 4.6.5 (/opt/ros/jazzy/share/rosidl_generator_c/cmake)
[1.488s] -- Found rosidl_generator_cpp: 4.6.5 (/opt/ros/jazzy/share/rosidl_generator_cpp/cmake)
[1.534s] -- Using all available rosidl_typesupport_c: rosidl_typesupport_fastrtps_c;rosidl_typesupport_introspection_c
[1.579s] -- Using all available rosidl_typesupport_cpp: rosidl_typesupport_fastrtps_cpp;rosidl_typesupport_introspection_cpp
[1.753s] -- Found rmw_implementation_cmake: 7.3.2 (/opt/ros/jazzy/share/rmw_implementation_cmake/cmake)
[1.766s] -- Found rmw_cyclonedds_cpp: 2.2.3 (/opt/ros/jazzy/share/rmw_cyclonedds_cpp/cmake)
[1.850s] -- Using RMW implementation 'rmw_cyclonedds_cpp' as default
[1.977s] -- Found std_msgs: 5.3.6 (/opt/ros/jazzy/share/std_msgs/cmake)
[2.006s] -- Found sensor_msgs: 5.3.6 (/opt/ros/jazzy/share/sensor_msgs/cmake)
[2.075s] -- Found robotis_controller_msgs: 0.1.4 (/home/robotis/robotis_ws/install/robotis_controller_msgs/share/robotis_controller_msgs/cmake)
[2.115s] -- Found op3_walking_module_msgs: 0.1.1 (/home/robotis/robotis_ws/install/op3_walking_module_msgs/share/op3_walking_module_msgs/cmake)
[2.146s] -- Found dynamixel_sdk: 3.8.3 (/home/robotis/robotis_ws/install/dynamixel_sdk/share/dynamixel_sdk/cmake)
[2.152s] -- Found robotis_framework_common: 0.2.9 (/home/robotis/robotis_ws/install/robotis_framework_common/share/robotis_framework_common/cmake)
[2.157s] -- Found robotis_device: 0.2.9 (/home/robotis/robotis_ws/install/robotis_device/share/robotis_device/cmake)
[2.164s] -- Found robotis_math: 0.2.6 (/home/robotis/robotis_ws/install/robotis_math/share/robotis_math/cmake)
[2.188s] -- Found op3_kinematics_dynamics: 0.2.1 (/home/robotis/robotis_ws/install/op3_kinematics_dynamics/share/op3_kinematics_dynamics/cmake)
[2.202s] -- Found PkgConfig: /usr/bin/pkg-config (found version "1.8.1") 
[2.209s] -- Found my_msg: 0.0.0 (/home/robotis/robotis_ws/install/my_msg/share/my_msg/cmake)
[2.223s] -- Checking for module 'yaml-cpp'
[2.243s] --   Found yaml-cpp, version 0.8.0
[2.440s] -- Configuring done (2.4s)
[2.460s] -- Generating done (0.0s)
[2.466s] -- Build files have been written to: /home/robotis/robotis_ws/src/build/op3_walking_module
[2.477s] Invoked command in '/home/robotis/robotis_ws/src/build/op3_walking_module' returned '0': CMAKE_PREFIX_PATH=${CMAKE_PREFIX_PATH}:/home/robotis/robotis_ws/install/zmp:/home/robotis/robotis_ws/install/yolov5_ros:/home/robotis/robotis_ws/install/yolo_ros:/home/robotis/robotis_ws/install/atom_openvino_yolo:/home/robotis/robotis_ws/install/robocup_gamecontroller:/home/robotis/robotis_ws/install/op3_advanced_detector:/home/robotis/robotis_ws/install/game_controller:/home/robotis/robotis_ws/install/bno055:/home/robotis/robotis_ws/install/atom_game_controller:/home/robotis/robotis_ws/install/ATOM-Game-Controller:/opt/ros/jazzy DEBUGINFOD_URLS=https://debuginfod.ubuntu.com /usr/bin/cmake /home/robotis/robotis_ws/src/ROBOTIS-OP3/op3_walking_module -DCMAKE_INSTALL_PREFIX=/home/robotis/robotis_ws/src/install/op3_walking_module
[2.479s] Invoking command in '/home/robotis/robotis_ws/src/build/op3_walking_module': CMAKE_PREFIX_PATH=${CMAKE_PREFIX_PATH}:/home/robotis/robotis_ws/install/zmp:/home/robotis/robotis_ws/install/yolov5_ros:/home/robotis/robotis_ws/install/yolo_ros:/home/robotis/robotis_ws/install/atom_openvino_yolo:/home/robotis/robotis_ws/install/robocup_gamecontroller:/home/robotis/robotis_ws/install/op3_advanced_detector:/home/robotis/robotis_ws/install/game_controller:/home/robotis/robotis_ws/install/bno055:/home/robotis/robotis_ws/install/atom_game_controller:/home/robotis/robotis_ws/install/ATOM-Game-Controller:/opt/ros/jazzy DEBUGINFOD_URLS=https://debuginfod.ubuntu.com /usr/bin/cmake --build /home/robotis/robotis_ws/src/build/op3_walking_module -- -j4 -l4
[2.545s] [ 50%] [32mBuilding CXX object CMakeFiles/op3_walking_module.dir/src/op3_walking_module.cpp.o[0m
[20.889s] [100%] [32m[1mLinking CXX shared library libop3_walking_module.so[0m
[21.950s] [100%] Built target op3_walking_module
[21.964s] Invoked command in '/home/robotis/robotis_ws/src/build/op3_walking_module' returned '0': CMAKE_PREFIX_PATH=${CMAKE_PREFIX_PATH}:/home/robotis/robotis_ws/install/zmp:/home/robotis/robotis_ws/install/yolov5_ros:/home/robotis/robotis_ws/install/yolo_ros:/home/robotis/robotis_ws/install/atom_openvino_yolo:/home/robotis/robotis_ws/install/robocup_gamecontroller:/home/robotis/robotis_ws/install/op3_advanced_detector:/home/robotis/robotis_ws/install/game_controller:/home/robotis/robotis_ws/install/bno055:/home/robotis/robotis_ws/install/atom_game_controller:/home/robotis/robotis_ws/install/ATOM-Game-Controller:/opt/ros/jazzy DEBUGINFOD_URLS=https://debuginfod.ubuntu.com /usr/bin/cmake --build /home/robotis/robotis_ws/src/build/op3_walking_module -- -j4 -l4
[21.976s] Invoking command in '/home/robotis/robotis_ws/src/build/op3_walking_module': CMAKE_PREFIX_PATH=${CMAKE_PREFIX_PATH}:/home/robotis/robotis_ws/install/zmp:/home/robotis/robotis_ws/install/yolov5_ros:/home/robotis/robotis_ws/install/yolo_ros:/home/robotis/robotis_ws/install/atom_openvino_yolo:/home/robotis/robotis_ws/install/robocup_gamecontroller:/home/robotis/robotis_ws/install/op3_advanced_detector:/home/robotis/robotis_ws/install/game_controller:/home/robotis/robotis_ws/install/bno055:/home/robotis/robotis_ws/install/atom_game_controller:/home/robotis/robotis_ws/install/ATOM-Game-Controller:/opt/ros/jazzy DEBUGINFOD_URLS=https://debuginfod.ubuntu.com /usr/bin/cmake --install /home/robotis/robotis_ws/src/build/op3_walking_module
[21.986s] -- Install configuration: ""
[21.987s] -- Installing: /home/robotis/robotis_ws/src/install/op3_walking_module/lib/libop3_walking_module.so
[22.000s] -- Set non-toolchain portion of runtime path of "/home/robotis/robotis_ws/src/install/op3_walking_module/lib/libop3_walking_module.so" to ""
[22.001s] -- Installing: /home/robotis/robotis_ws/src/install/op3_walking_module/include/op3_walking_module
[22.001s] -- Installing: /home/robotis/robotis_ws/src/install/op3_walking_module/include/op3_walking_module/op3_walking_module.h
[22.001s] -- Installing: /home/robotis/robotis_ws/src/install/op3_walking_module/include/op3_walking_module/op3_walking_parameter.h
[22.001s] -- Installing: /home/robotis/robotis_ws/src/install/op3_walking_module/share/op3_walking_module/config
[22.001s] -- Installing: /home/robotis/robotis_ws/src/install/op3_walking_module/share/op3_walking_module/config/param.yaml
[22.001s] -- Installing: /home/robotis/robotis_ws/src/install/op3_walking_module/share/op3_walking_module/environment/library_path.sh
[22.002s] -- Installing: /home/robotis/robotis_ws/src/install/op3_walking_module/share/op3_walking_module/environment/library_path.dsv
[22.002s] -- Installing: /home/robotis/robotis_ws/src/install/op3_walking_module/share/ament_index/resource_index/package_run_dependencies/op3_walking_module
[22.002s] -- Installing: /home/robotis/robotis_ws/src/install/op3_walking_module/share/ament_index/resource_index/parent_prefix_path/op3_walking_module
[22.002s] -- Installing: /home/robotis/robotis_ws/src/install/op3_walking_module/share/op3_walking_module/environment/ament_prefix_path.sh
[22.003s] -- Installing: /home/robotis/robotis_ws/src/install/op3_walking_module/share/op3_walking_module/environment/ament_prefix_path.dsv
[22.003s] -- Installing: /home/robotis/robotis_ws/src/install/op3_walking_module/share/op3_walking_module/environment/path.sh
[22.003s] -- Installing: /home/robotis/robotis_ws/src/install/op3_walking_module/share/op3_walking_module/environment/path.dsv
[22.003s] -- Installing: /home/robotis/robotis_ws/src/install/op3_walking_module/share/op3_walking_module/local_setup.bash
[22.003s] -- Installing: /home/robotis/robotis_ws/src/install/op3_walking_module/share/op3_walking_module/local_setup.sh
[22.004s] -- Installing: /home/robotis/robotis_ws/src/install/op3_walking_module/share/op3_walking_module/local_setup.zsh
[22.004s] -- Installing: /home/robotis/robotis_ws/src/install/op3_walking_module/share/op3_walking_module/local_setup.dsv
[22.004s] -- Installing: /home/robotis/robotis_ws/src/install/op3_walking_module/share/op3_walking_module/package.dsv
[22.004s] -- Installing: /home/robotis/robotis_ws/src/install/op3_walking_module/share/ament_index/resource_index/packages/op3_walking_module
[22.004s] -- Installing: /home/robotis/robotis_ws/src/install/op3_walking_module/share/op3_walking_module/cmake/ament_cmake_export_include_directories-extras.cmake
[22.004s] -- Installing: /home/robotis/robotis_ws/src/install/op3_walking_module/share/op3_walking_module/cmake/ament_cmake_export_libraries-extras.cmake
[22.005s] -- Installing: /home/robotis/robotis_ws/src/install/op3_walking_module/share/op3_walking_module/cmake/ament_cmake_export_dependencies-extras.cmake
[22.005s] -- Installing: /home/robotis/robotis_ws/src/install/op3_walking_module/share/op3_walking_module/cmake/op3_walking_moduleConfig.cmake
[22.005s] -- Installing: /home/robotis/robotis_ws/src/install/op3_walking_module/share/op3_walking_module/cmake/op3_walking_moduleConfig-version.cmake
[22.005s] -- Installing: /home/robotis/robotis_ws/src/install/op3_walking_module/share/op3_walking_module/package.xml
[22.008s] Invoked command in '/home/robotis/robotis_ws/src/build/op3_walking_module' returned '0': CMAKE_PREFIX_PATH=${CMAKE_PREFIX_PATH}:/home/robotis/robotis_ws/install/zmp:/home/robotis/robotis_ws/install/yolov5_ros:/home/robotis/robotis_ws/install/yolo_ros:/home/robotis/robotis_ws/install/atom_openvino_yolo:/home/robotis/robotis_ws/install/robocup_gamecontroller:/home/robotis/robotis_ws/install/op3_advanced_detector:/home/robotis/robotis_ws/install/game_controller:/home/robotis/robotis_ws/install/bno055:/home/robotis/robotis_ws/install/atom_game_controller:/home/robotis/robotis_ws/install/ATOM-Game-Controller:/opt/ros/jazzy DEBUGINFOD_URLS=https://debuginfod.ubuntu.com /usr/bin/cmake --install /home/robotis/robotis_ws/src/build/op3_walking_module
