running egg_info
creating build/haar/haar.egg-info
writing build/haar/haar.egg-info/PKG-INFO
writing dependency_links to build/haar/haar.egg-info/dependency_links.txt
writing entry points to build/haar/haar.egg-info/entry_points.txt
writing requirements to build/haar/haar.egg-info/requires.txt
writing top-level names to build/haar/haar.egg-info/top_level.txt
writing manifest file 'build/haar/haar.egg-info/SOURCES.txt'
reading manifest file 'build/haar/haar.egg-info/SOURCES.txt'
writing manifest file 'build/haar/haar.egg-info/SOURCES.txt'
running build
running build_py
creating /home/robotis/robotis_ws/src/haar/build/haar/build
creating /home/robotis/robotis_ws/src/haar/build/haar/build/lib
creating /home/robotis/robotis_ws/src/haar/build/haar/build/lib/haar
copying haar/haar.py -> /home/robotis/robotis_ws/src/haar/build/haar/build/lib/haar
copying haar/__init__.py -> /home/robotis/robotis_ws/src/haar/build/haar/build/lib/haar
running install
running install_lib
creating /home/robotis/robotis_ws/src/haar/install/haar/lib/python3.12/site-packages/haar
copying /home/robotis/robotis_ws/src/haar/build/haar/build/lib/haar/haar.py -> /home/robotis/robotis_ws/src/haar/install/haar/lib/python3.12/site-packages/haar
copying /home/robotis/robotis_ws/src/haar/build/haar/build/lib/haar/__init__.py -> /home/robotis/robotis_ws/src/haar/install/haar/lib/python3.12/site-packages/haar
byte-compiling /home/robotis/robotis_ws/src/haar/install/haar/lib/python3.12/site-packages/haar/haar.py to haar.cpython-312.pyc
byte-compiling /home/robotis/robotis_ws/src/haar/install/haar/lib/python3.12/site-packages/haar/__init__.py to __init__.cpython-312.pyc
running install_data
creating /home/robotis/robotis_ws/src/haar/install/haar/share/ament_index
creating /home/robotis/robotis_ws/src/haar/install/haar/share/ament_index/resource_index
creating /home/robotis/robotis_ws/src/haar/install/haar/share/ament_index/resource_index/packages
copying resource/haar -> /home/robotis/robotis_ws/src/haar/install/haar/share/ament_index/resource_index/packages
copying package.xml -> /home/robotis/robotis_ws/src/haar/install/haar/share/haar
creating /home/robotis/robotis_ws/src/haar/install/haar/share/haar/launch
copying launch/haar.py -> /home/robotis/robotis_ws/src/haar/install/haar/share/haar/launch
copying launch/usb_cam_launch.py -> /home/robotis/robotis_ws/src/haar/install/haar/share/haar/launch
running install_egg_info
Copying build/haar/haar.egg-info to /home/robotis/robotis_ws/src/haar/install/haar/lib/python3.12/site-packages/haar-0.0.0-py3.12.egg-info
running install_scripts
Installing haar script to /home/robotis/robotis_ws/src/haar/install/haar/lib/haar
writing list of installed files to '/home/robotis/robotis_ws/src/haar/build/haar/install.log'
