[0.000000] (-) TimerEvent: {}
[0.000366] (-) JobUnselected: {'identifier': 'atom_game_controller'}
[0.000419] (-) JobUnselected: {'identifier': 'atom_openvino_yolo'}
[0.000453] (-) JobUnselected: {'identifier': 'bboxes_ex_msgs'}
[0.000485] (-) JobUnselected: {'identifier': 'bno055'}
[0.000516] (-) JobUnselected: {'identifier': 'dynamixel_sdk'}
[0.000547] (-) JobUnselected: {'identifier': 'dynamixel_sdk_custom_interfaces'}
[0.000576] (-) JobUnselected: {'identifier': 'dynamixel_sdk_examples'}
[0.000606] (-) JobUnselected: {'identifier': 'face_detection'}
[0.000636] (-) JobUnselected: {'identifier': 'my_msg'}
[0.000665] (-) JobUnselected: {'identifier': 'op3_action_editor'}
[0.000696] (-) JobUnselected: {'identifier': 'op3_action_module'}
[0.000725] (-) JobUnselected: {'identifier': 'op3_action_module_msgs'}
[0.000755] (-) JobUnselected: {'identifier': 'op3_advanced_detector'}
[0.000785] (-) JobUnselected: {'identifier': 'op3_balance_control'}
[0.000814] (-) JobUnselected: {'identifier': 'op3_ball_detector'}
[0.000844] (-) JobUnselected: {'identifier': 'op3_ball_detector_msgs'}
[0.000874] (-) JobUnselected: {'identifier': 'op3_base_module'}
[0.000903] (-) JobUnselected: {'identifier': 'op3_bringup'}
[0.000933] (-) JobUnselected: {'identifier': 'op3_camera_setting_tool'}
[0.000970] (-) JobUnselected: {'identifier': 'op3_camera_setting_tool_msgs'}
[0.001001] (-) JobUnselected: {'identifier': 'op3_demo'}
[0.001030] (-) JobUnselected: {'identifier': 'op3_description'}
[0.001060] (-) JobUnselected: {'identifier': 'op3_direct_control_module'}
[0.001089] (-) JobUnselected: {'identifier': 'op3_gui_demo'}
[0.001125] (-) JobUnselected: {'identifier': 'op3_head_control_module'}
[0.001175] (-) JobUnselected: {'identifier': 'op3_kinematics_dynamics'}
[0.001207] (-) JobUnselected: {'identifier': 'op3_localization'}
[0.001237] (-) JobUnselected: {'identifier': 'op3_manager'}
[0.001266] (-) JobUnselected: {'identifier': 'op3_navigation'}
[0.001296] (-) JobUnselected: {'identifier': 'op3_offset_tuner_client'}
[0.001325] (-) JobUnselected: {'identifier': 'op3_offset_tuner_msgs'}
[0.001355] (-) JobUnselected: {'identifier': 'op3_offset_tuner_server'}
[0.001384] (-) JobUnselected: {'identifier': 'op3_online_walking_module'}
[0.001413] (-) JobUnselected: {'identifier': 'op3_online_walking_module_msgs'}
[0.001443] (-) JobUnselected: {'identifier': 'op3_read_write_demo'}
[0.001472] (-) JobUnselected: {'identifier': 'op3_tuner_client'}
[0.001502] (-) JobUnselected: {'identifier': 'op3_tuning_module'}
[0.001531] (-) JobUnselected: {'identifier': 'op3_tuning_module_msgs'}
[0.001560] (-) JobUnselected: {'identifier': 'op3_walking_module'}
[0.001589] (-) JobUnselected: {'identifier': 'op3_walking_module_msgs'}
[0.001619] (-) JobUnselected: {'identifier': 'op3_web_setting_tool'}
[0.001648] (-) JobUnselected: {'identifier': 'open_cr_module'}
[0.001677] (-) JobUnselected: {'identifier': 'robotis_controller'}
[0.001706] (-) JobUnselected: {'identifier': 'robotis_controller_msgs'}
[0.001736] (-) JobUnselected: {'identifier': 'robotis_device'}
[0.001765] (-) JobUnselected: {'identifier': 'robotis_framework_common'}
[0.001795] (-) JobUnselected: {'identifier': 'robotis_math'}
[0.001824] (-) JobUnselected: {'identifier': 'ros_madplay_player'}
[0.001853] (-) JobUnselected: {'identifier': 'ros_mpg321_player'}
[0.001883] (-) JobUnselected: {'identifier': 'usb_cam'}
[0.001912] (-) JobUnselected: {'identifier': 'yolo_bringup'}
[0.001941] (-) JobUnselected: {'identifier': 'yolo_msgs'}
[0.001971] (-) JobUnselected: {'identifier': 'yolo_ros'}
[0.002000] (-) JobUnselected: {'identifier': 'yolov5_ros'}
[0.002029] (-) JobUnselected: {'identifier': 'zmp'}
[0.002263] (-) EventReactorShutdown: {}
